clean slate
[   0.3s] EMIT ['ACC1']
[   4.3s] --- step 1: after first ACC1 event, run #1 running
        APDR rows (1): ACC1*@17:48:50
        consumer runs (1): ACC1:running(q17:48:50 s17:48:50 eNone)
[   4.4s] EMIT ['ACC1']
[  59.9s] --- step 2: ACC1 emitted again while run #1 RUNNING
        APDR rows (2): ACC1*@17:48:50, ACC1*@17:48:52
        consumer runs (2): ACC1:success(q17:48:50 s17:48:50 e17:49:37), ACC1:running(q17:49:38 s17:49:38 eNone)
[  60.0s] EMIT ['ACC1', 'ACC5']
[  75.0s] --- step 3: ACC1 + ACC5 emitted while 2 runs running (max_active_runs=2)
        APDR rows (4): ACC1*@17:48:50, ACC1*@17:48:52, ACC1(pending)@17:49:48, ACC5*@17:49:48
        consumer runs (3): ACC1:success(q17:48:50 s17:48:50 e17:49:37), ACC1:running(q17:49:38 s17:49:38 eNone), ACC5:running(q17:49:48 s17:49:48 eNone)
[  75.1s] EMIT ['ACC1']
[  87.1s] --- step 4: ACC1 emitted while an ACC1 run is QUEUED
        APDR rows (4): ACC1*@17:48:50, ACC1*@17:48:52, ACC1(pending)@17:49:48, ACC5*@17:49:48
        consumer runs (3): ACC1:success(q17:48:50 s17:48:50 e17:49:37), ACC1:running(q17:49:38 s17:49:38 eNone), ACC5:running(q17:49:48 s17:49:48 eNone)
[ 145.7s] --- final: all runs finished
        APDR rows (4): ACC1*@17:48:50, ACC1*@17:48:52, ACC1*@17:49:48, ACC5*@17:49:48
        consumer runs (4): ACC1:success(q17:48:50 s17:48:50 e17:49:37), ACC1:success(q17:49:38 s17:49:38 e17:50:25), ACC5:success(q17:49:48 s17:49:48 e17:50:35), ACC1:success(q17:50:25 s17:50:25 e17:51:12)
runs per key: {'ACC1': 3, 'ACC5': 1}
E1-PATCHE DONE
